// Jest Snapshot v1, https://goo.gl/fbAQLP

exports[`OrderedList Snapshots OrderedList default snapshot 1`] = `
<DocumentFragment>
  .c0 {
  list-style-type: decimal;
  color: var(--bds-color-text-primary);
  padding-left: var(--bds-sizes-size-16);
}

.c0 li {
  font-family: Roboto,Helvetica,Arial,sans-serif;
  font-weight: var(--bds-font-weight-regular);
  font-size: var(--bds-sizes-size-16);
  line-height: var(--bds-sizes-size-24);
}

.c0 ol ol ol {
  list-style-type: decimal;
}

.c0 ol,
.c0 ol ol ol ol {
  padding-left: var(--bds-sizes-size-16);
  list-style-type: lower-latin;
}

.c0 ol ol,
.c0 ol ol ol ol ol {
  padding-left: var(--bds-sizes-size-16);
  list-style-type: lower-roman;
}

.c0.density--condensed li {
  padding-top: var(--bds-sizes-size-4);
}

.c0.density--normal li {
  padding-top: var(--bds-sizes-size-8);
}

.c0.density--comfort li {
  padding-top: var(--bds-sizes-size-12);
}

.c1 {
  font-size: var(--bds-sizes-size-14);
  line-height: var(--bds-sizes-size-20);
  font-family: Roboto,Helvetica,Arial,sans-serif;
  font-weight: 500;
}

@media only screen and (min-width:82rem) {
  .c1 {
    font-size: var(--bds-sizes-size-16);
    line-height: var(--bds-sizes-size-24);
  }
}

<ol
    class="c0 density--normal"
  >
    <li
      class="c1"
    >
      List item
    </li>
  </ol>
</DocumentFragment>
`;

exports[`OrderedList Snapshots themes OrderedList normal spacing dark theme snapshot 1`] = `
<DocumentFragment>
  .c0 {
  list-style-type: decimal;
  color: var(--bds-color-text-primary);
  padding-left: var(--bds-sizes-size-16);
}

.c0 li {
  font-family: Roboto,Helvetica,Arial,sans-serif;
  font-weight: var(--bds-font-weight-regular);
  font-size: var(--bds-sizes-size-16);
  line-height: var(--bds-sizes-size-24);
}

.c0 ol ol ol {
  list-style-type: decimal;
}

.c0 ol,
.c0 ol ol ol ol {
  padding-left: var(--bds-sizes-size-16);
  list-style-type: lower-latin;
}

.c0 ol ol,
.c0 ol ol ol ol ol {
  padding-left: var(--bds-sizes-size-16);
  list-style-type: lower-roman;
}

.c0.density--condensed li {
  padding-top: var(--bds-sizes-size-4);
}

.c0.density--normal li {
  padding-top: var(--bds-sizes-size-8);
}

.c0.density--comfort li {
  padding-top: var(--bds-sizes-size-12);
}

.c1 {
  font-size: var(--bds-sizes-size-14);
  line-height: var(--bds-sizes-size-20);
  font-family: Roboto,Helvetica,Arial,sans-serif;
  font-weight: 500;
}

@media only screen and (min-width:82rem) {
  .c1 {
    font-size: var(--bds-sizes-size-16);
    line-height: var(--bds-sizes-size-24);
  }
}

<ol
    class="c0 density--condensed"
    type="decimal"
  >
    <li
      class="c1"
    >
      Lorem ipsum dolor sit amet, consectetur adipiscing.
    </li>
    <li
      class="c1"
    >
      Lorem ipsum dolor sit amet, consectetur adipiscing.
    </li>
    <li
      class="c1"
    >
      Lorem ipsum dolor sit amet, consectetur adipiscing.
      <ol
        class="c0"
      >
        <li
          class="c1"
        >
          Look at me, I'm nested and a slightly different color.
        </li>
        <li
          class="c1"
        >
          Lorem ipsum dolor sit amet, consectetur adipiscing.
        </li>
      </ol>
    </li>
    <li
      class="c1"
    >
      Lorem ipsum dolor sit amet, consectetur adipiscing.
    </li>
  </ol>
</DocumentFragment>
`;

exports[`OrderedList Snapshots themes OrderedList normal spacing dark theme snapshot 2`] = `
<DocumentFragment>
  .c0 {
  list-style-type: decimal;
  color: var(--bds-color-text-primary);
  padding-left: var(--bds-sizes-size-16);
}

.c0 li {
  font-family: Roboto,Helvetica,Arial,sans-serif;
  font-weight: var(--bds-font-weight-regular);
  font-size: var(--bds-sizes-size-16);
  line-height: var(--bds-sizes-size-24);
}

.c0 ol ol ol {
  list-style-type: decimal;
}

.c0 ol,
.c0 ol ol ol ol {
  padding-left: var(--bds-sizes-size-16);
  list-style-type: lower-latin;
}

.c0 ol ol,
.c0 ol ol ol ol ol {
  padding-left: var(--bds-sizes-size-16);
  list-style-type: lower-roman;
}

.c0.density--condensed li {
  padding-top: var(--bds-sizes-size-4);
}

.c0.density--normal li {
  padding-top: var(--bds-sizes-size-8);
}

.c0.density--comfort li {
  padding-top: var(--bds-sizes-size-12);
}

.c1 {
  font-size: var(--bds-sizes-size-14);
  line-height: var(--bds-sizes-size-20);
  font-family: Roboto,Helvetica,Arial,sans-serif;
  font-weight: 500;
}

@media only screen and (min-width:82rem) {
  .c1 {
    font-size: var(--bds-sizes-size-16);
    line-height: var(--bds-sizes-size-24);
  }
}

<ol
    class="c0 density--condensed"
    type="lower-latin"
  >
    <li
      class="c1"
    >
      Lorem ipsum dolor sit amet, consectetur adipiscing.
    </li>
    <li
      class="c1"
    >
      Lorem ipsum dolor sit amet, consectetur adipiscing.
    </li>
    <li
      class="c1"
    >
      Lorem ipsum dolor sit amet, consectetur adipiscing.
      <ol
        class="c0"
      >
        <li
          class="c1"
        >
          Look at me, I'm nested and a slightly different color.
        </li>
        <li
          class="c1"
        >
          Lorem ipsum dolor sit amet, consectetur adipiscing.
        </li>
      </ol>
    </li>
    <li
      class="c1"
    >
      Lorem ipsum dolor sit amet, consectetur adipiscing.
    </li>
  </ol>
</DocumentFragment>
`;

exports[`OrderedList Snapshots themes OrderedList normal spacing dark theme snapshot 3`] = `
<DocumentFragment>
  .c0 {
  list-style-type: decimal;
  color: var(--bds-color-text-primary);
  padding-left: var(--bds-sizes-size-16);
}

.c0 li {
  font-family: Roboto,Helvetica,Arial,sans-serif;
  font-weight: var(--bds-font-weight-regular);
  font-size: var(--bds-sizes-size-16);
  line-height: var(--bds-sizes-size-24);
}

.c0 ol ol ol {
  list-style-type: decimal;
}

.c0 ol,
.c0 ol ol ol ol {
  padding-left: var(--bds-sizes-size-16);
  list-style-type: lower-latin;
}

.c0 ol ol,
.c0 ol ol ol ol ol {
  padding-left: var(--bds-sizes-size-16);
  list-style-type: lower-roman;
}

.c0.density--condensed li {
  padding-top: var(--bds-sizes-size-4);
}

.c0.density--normal li {
  padding-top: var(--bds-sizes-size-8);
}

.c0.density--comfort li {
  padding-top: var(--bds-sizes-size-12);
}

.c1 {
  font-size: var(--bds-sizes-size-14);
  line-height: var(--bds-sizes-size-20);
  font-family: Roboto,Helvetica,Arial,sans-serif;
  font-weight: 500;
}

@media only screen and (min-width:82rem) {
  .c1 {
    font-size: var(--bds-sizes-size-16);
    line-height: var(--bds-sizes-size-24);
  }
}

<ol
    class="c0 density--condensed"
    type="lower-roman"
  >
    <li
      class="c1"
    >
      Lorem ipsum dolor sit amet, consectetur adipiscing.
    </li>
    <li
      class="c1"
    >
      Lorem ipsum dolor sit amet, consectetur adipiscing.
    </li>
    <li
      class="c1"
    >
      Lorem ipsum dolor sit amet, consectetur adipiscing.
      <ol
        class="c0"
      >
        <li
          class="c1"
        >
          Look at me, I'm nested and a slightly different color.
        </li>
        <li
          class="c1"
        >
          Lorem ipsum dolor sit amet, consectetur adipiscing.
        </li>
      </ol>
    </li>
    <li
      class="c1"
    >
      Lorem ipsum dolor sit amet, consectetur adipiscing.
    </li>
  </ol>
</DocumentFragment>
`;

exports[`OrderedList Snapshots themes OrderedList normal spacing dark theme snapshot 4`] = `
<DocumentFragment>
  .c0 {
  list-style-type: decimal;
  color: var(--bds-color-text-primary);
  padding-left: var(--bds-sizes-size-16);
}

.c0 li {
  font-family: Roboto,Helvetica,Arial,sans-serif;
  font-weight: var(--bds-font-weight-regular);
  font-size: var(--bds-sizes-size-16);
  line-height: var(--bds-sizes-size-24);
}

.c0 ol ol ol {
  list-style-type: decimal;
}

.c0 ol,
.c0 ol ol ol ol {
  padding-left: var(--bds-sizes-size-16);
  list-style-type: lower-latin;
}

.c0 ol ol,
.c0 ol ol ol ol ol {
  padding-left: var(--bds-sizes-size-16);
  list-style-type: lower-roman;
}

.c0.density--condensed li {
  padding-top: var(--bds-sizes-size-4);
}

.c0.density--normal li {
  padding-top: var(--bds-sizes-size-8);
}

.c0.density--comfort li {
  padding-top: var(--bds-sizes-size-12);
}

.c1 {
  font-size: var(--bds-sizes-size-14);
  line-height: var(--bds-sizes-size-20);
  font-family: Roboto,Helvetica,Arial,sans-serif;
  font-weight: 500;
}

@media only screen and (min-width:82rem) {
  .c1 {
    font-size: var(--bds-sizes-size-16);
    line-height: var(--bds-sizes-size-24);
  }
}

<ol
    class="c0 density--normal"
    type="decimal"
  >
    <li
      class="c1"
    >
      Lorem ipsum dolor sit amet, consectetur adipiscing.
    </li>
    <li
      class="c1"
    >
      Lorem ipsum dolor sit amet, consectetur adipiscing.
    </li>
    <li
      class="c1"
    >
      Lorem ipsum dolor sit amet, consectetur adipiscing.
      <ol
        class="c0"
      >
        <li
          class="c1"
        >
          Look at me, I'm nested and a slightly different color.
        </li>
        <li
          class="c1"
        >
          Lorem ipsum dolor sit amet, consectetur adipiscing.
        </li>
      </ol>
    </li>
    <li
      class="c1"
    >
      Lorem ipsum dolor sit amet, consectetur adipiscing.
    </li>
  </ol>
</DocumentFragment>
`;

exports[`OrderedList Snapshots themes OrderedList normal spacing dark theme snapshot 5`] = `
<DocumentFragment>
  .c0 {
  list-style-type: decimal;
  color: var(--bds-color-text-primary);
  padding-left: var(--bds-sizes-size-16);
}

.c0 li {
  font-family: Roboto,Helvetica,Arial,sans-serif;
  font-weight: var(--bds-font-weight-regular);
  font-size: var(--bds-sizes-size-16);
  line-height: var(--bds-sizes-size-24);
}

.c0 ol ol ol {
  list-style-type: decimal;
}

.c0 ol,
.c0 ol ol ol ol {
  padding-left: var(--bds-sizes-size-16);
  list-style-type: lower-latin;
}

.c0 ol ol,
.c0 ol ol ol ol ol {
  padding-left: var(--bds-sizes-size-16);
  list-style-type: lower-roman;
}

.c0.density--condensed li {
  padding-top: var(--bds-sizes-size-4);
}

.c0.density--normal li {
  padding-top: var(--bds-sizes-size-8);
}

.c0.density--comfort li {
  padding-top: var(--bds-sizes-size-12);
}

.c1 {
  font-size: var(--bds-sizes-size-14);
  line-height: var(--bds-sizes-size-20);
  font-family: Roboto,Helvetica,Arial,sans-serif;
  font-weight: 500;
}

@media only screen and (min-width:82rem) {
  .c1 {
    font-size: var(--bds-sizes-size-16);
    line-height: var(--bds-sizes-size-24);
  }
}

<ol
    class="c0 density--normal"
    type="lower-latin"
  >
    <li
      class="c1"
    >
      Lorem ipsum dolor sit amet, consectetur adipiscing.
    </li>
    <li
      class="c1"
    >
      Lorem ipsum dolor sit amet, consectetur adipiscing.
    </li>
    <li
      class="c1"
    >
      Lorem ipsum dolor sit amet, consectetur adipiscing.
      <ol
        class="c0"
      >
        <li
          class="c1"
        >
          Look at me, I'm nested and a slightly different color.
        </li>
        <li
          class="c1"
        >
          Lorem ipsum dolor sit amet, consectetur adipiscing.
        </li>
      </ol>
    </li>
    <li
      class="c1"
    >
      Lorem ipsum dolor sit amet, consectetur adipiscing.
    </li>
  </ol>
</DocumentFragment>
`;

exports[`OrderedList Snapshots themes OrderedList normal spacing dark theme snapshot 6`] = `
<DocumentFragment>
  .c0 {
  list-style-type: decimal;
  color: var(--bds-color-text-primary);
  padding-left: var(--bds-sizes-size-16);
}

.c0 li {
  font-family: Roboto,Helvetica,Arial,sans-serif;
  font-weight: var(--bds-font-weight-regular);
  font-size: var(--bds-sizes-size-16);
  line-height: var(--bds-sizes-size-24);
}

.c0 ol ol ol {
  list-style-type: decimal;
}

.c0 ol,
.c0 ol ol ol ol {
  padding-left: var(--bds-sizes-size-16);
  list-style-type: lower-latin;
}

.c0 ol ol,
.c0 ol ol ol ol ol {
  padding-left: var(--bds-sizes-size-16);
  list-style-type: lower-roman;
}

.c0.density--condensed li {
  padding-top: var(--bds-sizes-size-4);
}

.c0.density--normal li {
  padding-top: var(--bds-sizes-size-8);
}

.c0.density--comfort li {
  padding-top: var(--bds-sizes-size-12);
}

.c1 {
  font-size: var(--bds-sizes-size-14);
  line-height: var(--bds-sizes-size-20);
  font-family: Roboto,Helvetica,Arial,sans-serif;
  font-weight: 500;
}

@media only screen and (min-width:82rem) {
  .c1 {
    font-size: var(--bds-sizes-size-16);
    line-height: var(--bds-sizes-size-24);
  }
}

<ol
    class="c0 density--normal"
    type="lower-roman"
  >
    <li
      class="c1"
    >
      Lorem ipsum dolor sit amet, consectetur adipiscing.
    </li>
    <li
      class="c1"
    >
      Lorem ipsum dolor sit amet, consectetur adipiscing.
    </li>
    <li
      class="c1"
    >
      Lorem ipsum dolor sit amet, consectetur adipiscing.
      <ol
        class="c0"
      >
        <li
          class="c1"
        >
          Look at me, I'm nested and a slightly different color.
        </li>
        <li
          class="c1"
        >
          Lorem ipsum dolor sit amet, consectetur adipiscing.
        </li>
      </ol>
    </li>
    <li
      class="c1"
    >
      Lorem ipsum dolor sit amet, consectetur adipiscing.
    </li>
  </ol>
</DocumentFragment>
`;

exports[`OrderedList Snapshots themes OrderedList normal spacing dark theme snapshot 7`] = `
<DocumentFragment>
  .c0 {
  list-style-type: decimal;
  color: var(--bds-color-text-primary);
  padding-left: var(--bds-sizes-size-16);
}

.c0 li {
  font-family: Roboto,Helvetica,Arial,sans-serif;
  font-weight: var(--bds-font-weight-regular);
  font-size: var(--bds-sizes-size-16);
  line-height: var(--bds-sizes-size-24);
}

.c0 ol ol ol {
  list-style-type: decimal;
}

.c0 ol,
.c0 ol ol ol ol {
  padding-left: var(--bds-sizes-size-16);
  list-style-type: lower-latin;
}

.c0 ol ol,
.c0 ol ol ol ol ol {
  padding-left: var(--bds-sizes-size-16);
  list-style-type: lower-roman;
}

.c0.density--condensed li {
  padding-top: var(--bds-sizes-size-4);
}

.c0.density--normal li {
  padding-top: var(--bds-sizes-size-8);
}

.c0.density--comfort li {
  padding-top: var(--bds-sizes-size-12);
}

.c1 {
  font-size: var(--bds-sizes-size-14);
  line-height: var(--bds-sizes-size-20);
  font-family: Roboto,Helvetica,Arial,sans-serif;
  font-weight: 500;
}

@media only screen and (min-width:82rem) {
  .c1 {
    font-size: var(--bds-sizes-size-16);
    line-height: var(--bds-sizes-size-24);
  }
}

<ol
    class="c0 density--comfort"
    type="decimal"
  >
    <li
      class="c1"
    >
      Lorem ipsum dolor sit amet, consectetur adipiscing.
    </li>
    <li
      class="c1"
    >
      Lorem ipsum dolor sit amet, consectetur adipiscing.
    </li>
    <li
      class="c1"
    >
      Lorem ipsum dolor sit amet, consectetur adipiscing.
      <ol
        class="c0"
      >
        <li
          class="c1"
        >
          Look at me, I'm nested and a slightly different color.
        </li>
        <li
          class="c1"
        >
          Lorem ipsum dolor sit amet, consectetur adipiscing.
        </li>
      </ol>
    </li>
    <li
      class="c1"
    >
      Lorem ipsum dolor sit amet, consectetur adipiscing.
    </li>
  </ol>
</DocumentFragment>
`;

exports[`OrderedList Snapshots themes OrderedList normal spacing dark theme snapshot 8`] = `
<DocumentFragment>
  .c0 {
  list-style-type: decimal;
  color: var(--bds-color-text-primary);
  padding-left: var(--bds-sizes-size-16);
}

.c0 li {
  font-family: Roboto,Helvetica,Arial,sans-serif;
  font-weight: var(--bds-font-weight-regular);
  font-size: var(--bds-sizes-size-16);
  line-height: var(--bds-sizes-size-24);
}

.c0 ol ol ol {
  list-style-type: decimal;
}

.c0 ol,
.c0 ol ol ol ol {
  padding-left: var(--bds-sizes-size-16);
  list-style-type: lower-latin;
}

.c0 ol ol,
.c0 ol ol ol ol ol {
  padding-left: var(--bds-sizes-size-16);
  list-style-type: lower-roman;
}

.c0.density--condensed li {
  padding-top: var(--bds-sizes-size-4);
}

.c0.density--normal li {
  padding-top: var(--bds-sizes-size-8);
}

.c0.density--comfort li {
  padding-top: var(--bds-sizes-size-12);
}

.c1 {
  font-size: var(--bds-sizes-size-14);
  line-height: var(--bds-sizes-size-20);
  font-family: Roboto,Helvetica,Arial,sans-serif;
  font-weight: 500;
}

@media only screen and (min-width:82rem) {
  .c1 {
    font-size: var(--bds-sizes-size-16);
    line-height: var(--bds-sizes-size-24);
  }
}

<ol
    class="c0 density--comfort"
    type="lower-latin"
  >
    <li
      class="c1"
    >
      Lorem ipsum dolor sit amet, consectetur adipiscing.
    </li>
    <li
      class="c1"
    >
      Lorem ipsum dolor sit amet, consectetur adipiscing.
    </li>
    <li
      class="c1"
    >
      Lorem ipsum dolor sit amet, consectetur adipiscing.
      <ol
        class="c0"
      >
        <li
          class="c1"
        >
          Look at me, I'm nested and a slightly different color.
        </li>
        <li
          class="c1"
        >
          Lorem ipsum dolor sit amet, consectetur adipiscing.
        </li>
      </ol>
    </li>
    <li
      class="c1"
    >
      Lorem ipsum dolor sit amet, consectetur adipiscing.
    </li>
  </ol>
</DocumentFragment>
`;

exports[`OrderedList Snapshots themes OrderedList normal spacing dark theme snapshot 9`] = `
<DocumentFragment>
  .c0 {
  list-style-type: decimal;
  color: var(--bds-color-text-primary);
  padding-left: var(--bds-sizes-size-16);
}

.c0 li {
  font-family: Roboto,Helvetica,Arial,sans-serif;
  font-weight: var(--bds-font-weight-regular);
  font-size: var(--bds-sizes-size-16);
  line-height: var(--bds-sizes-size-24);
}

.c0 ol ol ol {
  list-style-type: decimal;
}

.c0 ol,
.c0 ol ol ol ol {
  padding-left: var(--bds-sizes-size-16);
  list-style-type: lower-latin;
}

.c0 ol ol,
.c0 ol ol ol ol ol {
  padding-left: var(--bds-sizes-size-16);
  list-style-type: lower-roman;
}

.c0.density--condensed li {
  padding-top: var(--bds-sizes-size-4);
}

.c0.density--normal li {
  padding-top: var(--bds-sizes-size-8);
}

.c0.density--comfort li {
  padding-top: var(--bds-sizes-size-12);
}

.c1 {
  font-size: var(--bds-sizes-size-14);
  line-height: var(--bds-sizes-size-20);
  font-family: Roboto,Helvetica,Arial,sans-serif;
  font-weight: 500;
}

@media only screen and (min-width:82rem) {
  .c1 {
    font-size: var(--bds-sizes-size-16);
    line-height: var(--bds-sizes-size-24);
  }
}

<ol
    class="c0 density--comfort"
    type="lower-roman"
  >
    <li
      class="c1"
    >
      Lorem ipsum dolor sit amet, consectetur adipiscing.
    </li>
    <li
      class="c1"
    >
      Lorem ipsum dolor sit amet, consectetur adipiscing.
    </li>
    <li
      class="c1"
    >
      Lorem ipsum dolor sit amet, consectetur adipiscing.
      <ol
        class="c0"
      >
        <li
          class="c1"
        >
          Look at me, I'm nested and a slightly different color.
        </li>
        <li
          class="c1"
        >
          Lorem ipsum dolor sit amet, consectetur adipiscing.
        </li>
      </ol>
    </li>
    <li
      class="c1"
    >
      Lorem ipsum dolor sit amet, consectetur adipiscing.
    </li>
  </ol>
</DocumentFragment>
`;

exports[`OrderedList Snapshots themes OrderedList normal spacing light theme snapshot 1`] = `
<DocumentFragment>
  .c0 {
  list-style-type: decimal;
  color: var(--bds-color-text-primary);
  padding-left: var(--bds-sizes-size-16);
}

.c0 li {
  font-family: Roboto,Helvetica,Arial,sans-serif;
  font-weight: var(--bds-font-weight-regular);
  font-size: var(--bds-sizes-size-16);
  line-height: var(--bds-sizes-size-24);
}

.c0 ol ol ol {
  list-style-type: decimal;
}

.c0 ol,
.c0 ol ol ol ol {
  padding-left: var(--bds-sizes-size-16);
  list-style-type: lower-latin;
}

.c0 ol ol,
.c0 ol ol ol ol ol {
  padding-left: var(--bds-sizes-size-16);
  list-style-type: lower-roman;
}

.c0.density--condensed li {
  padding-top: var(--bds-sizes-size-4);
}

.c0.density--normal li {
  padding-top: var(--bds-sizes-size-8);
}

.c0.density--comfort li {
  padding-top: var(--bds-sizes-size-12);
}

.c1 {
  font-size: var(--bds-sizes-size-14);
  line-height: var(--bds-sizes-size-20);
  font-family: Roboto,Helvetica,Arial,sans-serif;
  font-weight: 500;
}

@media only screen and (min-width:82rem) {
  .c1 {
    font-size: var(--bds-sizes-size-16);
    line-height: var(--bds-sizes-size-24);
  }
}

<ol
    class="c0 density--condensed"
    type="decimal"
  >
    <li
      class="c1"
    >
      Lorem ipsum dolor sit amet, consectetur adipiscing.
    </li>
    <li
      class="c1"
    >
      Lorem ipsum dolor sit amet, consectetur adipiscing.
    </li>
    <li
      class="c1"
    >
      Lorem ipsum dolor sit amet, consectetur adipiscing.
      <ol
        class="c0"
      >
        <li
          class="c1"
        >
          Look at me, I'm nested and a slightly different color.
        </li>
        <li
          class="c1"
        >
          Lorem ipsum dolor sit amet, consectetur adipiscing.
        </li>
      </ol>
    </li>
    <li
      class="c1"
    >
      Lorem ipsum dolor sit amet, consectetur adipiscing.
    </li>
  </ol>
</DocumentFragment>
`;

exports[`OrderedList Snapshots themes OrderedList normal spacing light theme snapshot 2`] = `
<DocumentFragment>
  .c0 {
  list-style-type: decimal;
  color: var(--bds-color-text-primary);
  padding-left: var(--bds-sizes-size-16);
}

.c0 li {
  font-family: Roboto,Helvetica,Arial,sans-serif;
  font-weight: var(--bds-font-weight-regular);
  font-size: var(--bds-sizes-size-16);
  line-height: var(--bds-sizes-size-24);
}

.c0 ol ol ol {
  list-style-type: decimal;
}

.c0 ol,
.c0 ol ol ol ol {
  padding-left: var(--bds-sizes-size-16);
  list-style-type: lower-latin;
}

.c0 ol ol,
.c0 ol ol ol ol ol {
  padding-left: var(--bds-sizes-size-16);
  list-style-type: lower-roman;
}

.c0.density--condensed li {
  padding-top: var(--bds-sizes-size-4);
}

.c0.density--normal li {
  padding-top: var(--bds-sizes-size-8);
}

.c0.density--comfort li {
  padding-top: var(--bds-sizes-size-12);
}

.c1 {
  font-size: var(--bds-sizes-size-14);
  line-height: var(--bds-sizes-size-20);
  font-family: Roboto,Helvetica,Arial,sans-serif;
  font-weight: 500;
}

@media only screen and (min-width:82rem) {
  .c1 {
    font-size: var(--bds-sizes-size-16);
    line-height: var(--bds-sizes-size-24);
  }
}

<ol
    class="c0 density--condensed"
    type="lower-latin"
  >
    <li
      class="c1"
    >
      Lorem ipsum dolor sit amet, consectetur adipiscing.
    </li>
    <li
      class="c1"
    >
      Lorem ipsum dolor sit amet, consectetur adipiscing.
    </li>
    <li
      class="c1"
    >
      Lorem ipsum dolor sit amet, consectetur adipiscing.
      <ol
        class="c0"
      >
        <li
          class="c1"
        >
          Look at me, I'm nested and a slightly different color.
        </li>
        <li
          class="c1"
        >
          Lorem ipsum dolor sit amet, consectetur adipiscing.
        </li>
      </ol>
    </li>
    <li
      class="c1"
    >
      Lorem ipsum dolor sit amet, consectetur adipiscing.
    </li>
  </ol>
</DocumentFragment>
`;

exports[`OrderedList Snapshots themes OrderedList normal spacing light theme snapshot 3`] = `
<DocumentFragment>
  .c0 {
  list-style-type: decimal;
  color: var(--bds-color-text-primary);
  padding-left: var(--bds-sizes-size-16);
}

.c0 li {
  font-family: Roboto,Helvetica,Arial,sans-serif;
  font-weight: var(--bds-font-weight-regular);
  font-size: var(--bds-sizes-size-16);
  line-height: var(--bds-sizes-size-24);
}

.c0 ol ol ol {
  list-style-type: decimal;
}

.c0 ol,
.c0 ol ol ol ol {
  padding-left: var(--bds-sizes-size-16);
  list-style-type: lower-latin;
}

.c0 ol ol,
.c0 ol ol ol ol ol {
  padding-left: var(--bds-sizes-size-16);
  list-style-type: lower-roman;
}

.c0.density--condensed li {
  padding-top: var(--bds-sizes-size-4);
}

.c0.density--normal li {
  padding-top: var(--bds-sizes-size-8);
}

.c0.density--comfort li {
  padding-top: var(--bds-sizes-size-12);
}

.c1 {
  font-size: var(--bds-sizes-size-14);
  line-height: var(--bds-sizes-size-20);
  font-family: Roboto,Helvetica,Arial,sans-serif;
  font-weight: 500;
}

@media only screen and (min-width:82rem) {
  .c1 {
    font-size: var(--bds-sizes-size-16);
    line-height: var(--bds-sizes-size-24);
  }
}

<ol
    class="c0 density--condensed"
    type="lower-roman"
  >
    <li
      class="c1"
    >
      Lorem ipsum dolor sit amet, consectetur adipiscing.
    </li>
    <li
      class="c1"
    >
      Lorem ipsum dolor sit amet, consectetur adipiscing.
    </li>
    <li
      class="c1"
    >
      Lorem ipsum dolor sit amet, consectetur adipiscing.
      <ol
        class="c0"
      >
        <li
          class="c1"
        >
          Look at me, I'm nested and a slightly different color.
        </li>
        <li
          class="c1"
        >
          Lorem ipsum dolor sit amet, consectetur adipiscing.
        </li>
      </ol>
    </li>
    <li
      class="c1"
    >
      Lorem ipsum dolor sit amet, consectetur adipiscing.
    </li>
  </ol>
</DocumentFragment>
`;

exports[`OrderedList Snapshots themes OrderedList normal spacing light theme snapshot 4`] = `
<DocumentFragment>
  .c0 {
  list-style-type: decimal;
  color: var(--bds-color-text-primary);
  padding-left: var(--bds-sizes-size-16);
}

.c0 li {
  font-family: Roboto,Helvetica,Arial,sans-serif;
  font-weight: var(--bds-font-weight-regular);
  font-size: var(--bds-sizes-size-16);
  line-height: var(--bds-sizes-size-24);
}

.c0 ol ol ol {
  list-style-type: decimal;
}

.c0 ol,
.c0 ol ol ol ol {
  padding-left: var(--bds-sizes-size-16);
  list-style-type: lower-latin;
}

.c0 ol ol,
.c0 ol ol ol ol ol {
  padding-left: var(--bds-sizes-size-16);
  list-style-type: lower-roman;
}

.c0.density--condensed li {
  padding-top: var(--bds-sizes-size-4);
}

.c0.density--normal li {
  padding-top: var(--bds-sizes-size-8);
}

.c0.density--comfort li {
  padding-top: var(--bds-sizes-size-12);
}

.c1 {
  font-size: var(--bds-sizes-size-14);
  line-height: var(--bds-sizes-size-20);
  font-family: Roboto,Helvetica,Arial,sans-serif;
  font-weight: 500;
}

@media only screen and (min-width:82rem) {
  .c1 {
    font-size: var(--bds-sizes-size-16);
    line-height: var(--bds-sizes-size-24);
  }
}

<ol
    class="c0 density--normal"
    type="decimal"
  >
    <li
      class="c1"
    >
      Lorem ipsum dolor sit amet, consectetur adipiscing.
    </li>
    <li
      class="c1"
    >
      Lorem ipsum dolor sit amet, consectetur adipiscing.
    </li>
    <li
      class="c1"
    >
      Lorem ipsum dolor sit amet, consectetur adipiscing.
      <ol
        class="c0"
      >
        <li
          class="c1"
        >
          Look at me, I'm nested and a slightly different color.
        </li>
        <li
          class="c1"
        >
          Lorem ipsum dolor sit amet, consectetur adipiscing.
        </li>
      </ol>
    </li>
    <li
      class="c1"
    >
      Lorem ipsum dolor sit amet, consectetur adipiscing.
    </li>
  </ol>
</DocumentFragment>
`;

exports[`OrderedList Snapshots themes OrderedList normal spacing light theme snapshot 5`] = `
<DocumentFragment>
  .c0 {
  list-style-type: decimal;
  color: var(--bds-color-text-primary);
  padding-left: var(--bds-sizes-size-16);
}

.c0 li {
  font-family: Roboto,Helvetica,Arial,sans-serif;
  font-weight: var(--bds-font-weight-regular);
  font-size: var(--bds-sizes-size-16);
  line-height: var(--bds-sizes-size-24);
}

.c0 ol ol ol {
  list-style-type: decimal;
}

.c0 ol,
.c0 ol ol ol ol {
  padding-left: var(--bds-sizes-size-16);
  list-style-type: lower-latin;
}

.c0 ol ol,
.c0 ol ol ol ol ol {
  padding-left: var(--bds-sizes-size-16);
  list-style-type: lower-roman;
}

.c0.density--condensed li {
  padding-top: var(--bds-sizes-size-4);
}

.c0.density--normal li {
  padding-top: var(--bds-sizes-size-8);
}

.c0.density--comfort li {
  padding-top: var(--bds-sizes-size-12);
}

.c1 {
  font-size: var(--bds-sizes-size-14);
  line-height: var(--bds-sizes-size-20);
  font-family: Roboto,Helvetica,Arial,sans-serif;
  font-weight: 500;
}

@media only screen and (min-width:82rem) {
  .c1 {
    font-size: var(--bds-sizes-size-16);
    line-height: var(--bds-sizes-size-24);
  }
}

<ol
    class="c0 density--normal"
    type="lower-latin"
  >
    <li
      class="c1"
    >
      Lorem ipsum dolor sit amet, consectetur adipiscing.
    </li>
    <li
      class="c1"
    >
      Lorem ipsum dolor sit amet, consectetur adipiscing.
    </li>
    <li
      class="c1"
    >
      Lorem ipsum dolor sit amet, consectetur adipiscing.
      <ol
        class="c0"
      >
        <li
          class="c1"
        >
          Look at me, I'm nested and a slightly different color.
        </li>
        <li
          class="c1"
        >
          Lorem ipsum dolor sit amet, consectetur adipiscing.
        </li>
      </ol>
    </li>
    <li
      class="c1"
    >
      Lorem ipsum dolor sit amet, consectetur adipiscing.
    </li>
  </ol>
</DocumentFragment>
`;

exports[`OrderedList Snapshots themes OrderedList normal spacing light theme snapshot 6`] = `
<DocumentFragment>
  .c0 {
  list-style-type: decimal;
  color: var(--bds-color-text-primary);
  padding-left: var(--bds-sizes-size-16);
}

.c0 li {
  font-family: Roboto,Helvetica,Arial,sans-serif;
  font-weight: var(--bds-font-weight-regular);
  font-size: var(--bds-sizes-size-16);
  line-height: var(--bds-sizes-size-24);
}

.c0 ol ol ol {
  list-style-type: decimal;
}

.c0 ol,
.c0 ol ol ol ol {
  padding-left: var(--bds-sizes-size-16);
  list-style-type: lower-latin;
}

.c0 ol ol,
.c0 ol ol ol ol ol {
  padding-left: var(--bds-sizes-size-16);
  list-style-type: lower-roman;
}

.c0.density--condensed li {
  padding-top: var(--bds-sizes-size-4);
}

.c0.density--normal li {
  padding-top: var(--bds-sizes-size-8);
}

.c0.density--comfort li {
  padding-top: var(--bds-sizes-size-12);
}

.c1 {
  font-size: var(--bds-sizes-size-14);
  line-height: var(--bds-sizes-size-20);
  font-family: Roboto,Helvetica,Arial,sans-serif;
  font-weight: 500;
}

@media only screen and (min-width:82rem) {
  .c1 {
    font-size: var(--bds-sizes-size-16);
    line-height: var(--bds-sizes-size-24);
  }
}

<ol
    class="c0 density--normal"
    type="lower-roman"
  >
    <li
      class="c1"
    >
      Lorem ipsum dolor sit amet, consectetur adipiscing.
    </li>
    <li
      class="c1"
    >
      Lorem ipsum dolor sit amet, consectetur adipiscing.
    </li>
    <li
      class="c1"
    >
      Lorem ipsum dolor sit amet, consectetur adipiscing.
      <ol
        class="c0"
      >
        <li
          class="c1"
        >
          Look at me, I'm nested and a slightly different color.
        </li>
        <li
          class="c1"
        >
          Lorem ipsum dolor sit amet, consectetur adipiscing.
        </li>
      </ol>
    </li>
    <li
      class="c1"
    >
      Lorem ipsum dolor sit amet, consectetur adipiscing.
    </li>
  </ol>
</DocumentFragment>
`;

exports[`OrderedList Snapshots themes OrderedList normal spacing light theme snapshot 7`] = `
<DocumentFragment>
  .c0 {
  list-style-type: decimal;
  color: var(--bds-color-text-primary);
  padding-left: var(--bds-sizes-size-16);
}

.c0 li {
  font-family: Roboto,Helvetica,Arial,sans-serif;
  font-weight: var(--bds-font-weight-regular);
  font-size: var(--bds-sizes-size-16);
  line-height: var(--bds-sizes-size-24);
}

.c0 ol ol ol {
  list-style-type: decimal;
}

.c0 ol,
.c0 ol ol ol ol {
  padding-left: var(--bds-sizes-size-16);
  list-style-type: lower-latin;
}

.c0 ol ol,
.c0 ol ol ol ol ol {
  padding-left: var(--bds-sizes-size-16);
  list-style-type: lower-roman;
}

.c0.density--condensed li {
  padding-top: var(--bds-sizes-size-4);
}

.c0.density--normal li {
  padding-top: var(--bds-sizes-size-8);
}

.c0.density--comfort li {
  padding-top: var(--bds-sizes-size-12);
}

.c1 {
  font-size: var(--bds-sizes-size-14);
  line-height: var(--bds-sizes-size-20);
  font-family: Roboto,Helvetica,Arial,sans-serif;
  font-weight: 500;
}

@media only screen and (min-width:82rem) {
  .c1 {
    font-size: var(--bds-sizes-size-16);
    line-height: var(--bds-sizes-size-24);
  }
}

<ol
    class="c0 density--comfort"
    type="decimal"
  >
    <li
      class="c1"
    >
      Lorem ipsum dolor sit amet, consectetur adipiscing.
    </li>
    <li
      class="c1"
    >
      Lorem ipsum dolor sit amet, consectetur adipiscing.
    </li>
    <li
      class="c1"
    >
      Lorem ipsum dolor sit amet, consectetur adipiscing.
      <ol
        class="c0"
      >
        <li
          class="c1"
        >
          Look at me, I'm nested and a slightly different color.
        </li>
        <li
          class="c1"
        >
          Lorem ipsum dolor sit amet, consectetur adipiscing.
        </li>
      </ol>
    </li>
    <li
      class="c1"
    >
      Lorem ipsum dolor sit amet, consectetur adipiscing.
    </li>
  </ol>
</DocumentFragment>
`;

exports[`OrderedList Snapshots themes OrderedList normal spacing light theme snapshot 8`] = `
<DocumentFragment>
  .c0 {
  list-style-type: decimal;
  color: var(--bds-color-text-primary);
  padding-left: var(--bds-sizes-size-16);
}

.c0 li {
  font-family: Roboto,Helvetica,Arial,sans-serif;
  font-weight: var(--bds-font-weight-regular);
  font-size: var(--bds-sizes-size-16);
  line-height: var(--bds-sizes-size-24);
}

.c0 ol ol ol {
  list-style-type: decimal;
}

.c0 ol,
.c0 ol ol ol ol {
  padding-left: var(--bds-sizes-size-16);
  list-style-type: lower-latin;
}

.c0 ol ol,
.c0 ol ol ol ol ol {
  padding-left: var(--bds-sizes-size-16);
  list-style-type: lower-roman;
}

.c0.density--condensed li {
  padding-top: var(--bds-sizes-size-4);
}

.c0.density--normal li {
  padding-top: var(--bds-sizes-size-8);
}

.c0.density--comfort li {
  padding-top: var(--bds-sizes-size-12);
}

.c1 {
  font-size: var(--bds-sizes-size-14);
  line-height: var(--bds-sizes-size-20);
  font-family: Roboto,Helvetica,Arial,sans-serif;
  font-weight: 500;
}

@media only screen and (min-width:82rem) {
  .c1 {
    font-size: var(--bds-sizes-size-16);
    line-height: var(--bds-sizes-size-24);
  }
}

<ol
    class="c0 density--comfort"
    type="lower-latin"
  >
    <li
      class="c1"
    >
      Lorem ipsum dolor sit amet, consectetur adipiscing.
    </li>
    <li
      class="c1"
    >
      Lorem ipsum dolor sit amet, consectetur adipiscing.
    </li>
    <li
      class="c1"
    >
      Lorem ipsum dolor sit amet, consectetur adipiscing.
      <ol
        class="c0"
      >
        <li
          class="c1"
        >
          Look at me, I'm nested and a slightly different color.
        </li>
        <li
          class="c1"
        >
          Lorem ipsum dolor sit amet, consectetur adipiscing.
        </li>
      </ol>
    </li>
    <li
      class="c1"
    >
      Lorem ipsum dolor sit amet, consectetur adipiscing.
    </li>
  </ol>
</DocumentFragment>
`;

exports[`OrderedList Snapshots themes OrderedList normal spacing light theme snapshot 9`] = `
<DocumentFragment>
  .c0 {
  list-style-type: decimal;
  color: var(--bds-color-text-primary);
  padding-left: var(--bds-sizes-size-16);
}

.c0 li {
  font-family: Roboto,Helvetica,Arial,sans-serif;
  font-weight: var(--bds-font-weight-regular);
  font-size: var(--bds-sizes-size-16);
  line-height: var(--bds-sizes-size-24);
}

.c0 ol ol ol {
  list-style-type: decimal;
}

.c0 ol,
.c0 ol ol ol ol {
  padding-left: var(--bds-sizes-size-16);
  list-style-type: lower-latin;
}

.c0 ol ol,
.c0 ol ol ol ol ol {
  padding-left: var(--bds-sizes-size-16);
  list-style-type: lower-roman;
}

.c0.density--condensed li {
  padding-top: var(--bds-sizes-size-4);
}

.c0.density--normal li {
  padding-top: var(--bds-sizes-size-8);
}

.c0.density--comfort li {
  padding-top: var(--bds-sizes-size-12);
}

.c1 {
  font-size: var(--bds-sizes-size-14);
  line-height: var(--bds-sizes-size-20);
  font-family: Roboto,Helvetica,Arial,sans-serif;
  font-weight: 500;
}

@media only screen and (min-width:82rem) {
  .c1 {
    font-size: var(--bds-sizes-size-16);
    line-height: var(--bds-sizes-size-24);
  }
}

<ol
    class="c0 density--comfort"
    type="lower-roman"
  >
    <li
      class="c1"
    >
      Lorem ipsum dolor sit amet, consectetur adipiscing.
    </li>
    <li
      class="c1"
    >
      Lorem ipsum dolor sit amet, consectetur adipiscing.
    </li>
    <li
      class="c1"
    >
      Lorem ipsum dolor sit amet, consectetur adipiscing.
      <ol
        class="c0"
      >
        <li
          class="c1"
        >
          Look at me, I'm nested and a slightly different color.
        </li>
        <li
          class="c1"
        >
          Lorem ipsum dolor sit amet, consectetur adipiscing.
        </li>
      </ol>
    </li>
    <li
      class="c1"
    >
      Lorem ipsum dolor sit amet, consectetur adipiscing.
    </li>
  </ol>
</DocumentFragment>
`;
